// Jest Snapshot v1, https://goo.gl/fbAQLP

exports[`Home page tests Component should exist 1`] = `ReactWrapper {}`;
