// Jest Snapshot v1, https://goo.gl/fbAQLP

exports[`delete button tests should exist and have value 1`] = `
<button
  aria-label="Видалити"
  class="MuiButtonBase-root MuiIconButton-root"
  tabindex="0"
  title="Видалити"
  type="button"
>
  <span
    class="MuiIconButton-label"
  >
    <svg
      aria-hidden="true"
      class="MuiSvgIcon-root MuiSvgIcon-colorError MuiSvgIcon-fontSizeSmall"
      focusable="false"
      viewBox="0 0 24 24"
    >
      <path
        d="M6 19c0 1.1.9 2 2 2h8c1.1 0 2-.9 2-2V7H6v12zM19 4h-3.5l-1-1h-5l-1 1H5v2h14V4z"
      />
    </svg>
  </span>
  <span
    class="MuiTouchRipple-root"
  />
</button>
`;
