// Jest Snapshot v1, https://goo.gl/fbAQLP

exports[`delete button tests should exist and have value 1`] = `
<span
  class="MuiButton-label"
>
  Зберегти
</span>
`;
