// Jest Snapshot v1, https://goo.gl/fbAQLP

exports[`pattern actions tests should set pattern 1`] = `
Object {
  "payload": Object {
    "available": true,
    "handmade": false,
    "images": Object {
      "large": "large-pink-wave.jpg",
      "medium": "medium-pink-wave.jpg",
      "small": "small-pink-wave.jpg",
      "thumbnail": "thumbnail-pink-wave.jpg",
    },
    "material": "Cotton",
    "name": Array [
      Object {
        "lang": "uk",
        "value": "Рожева хвилька",
      },
      Object {
        "lang": "en",
        "value": "Pink wave",
      },
    ],
  },
  "type": "SET_PATTERN",
}
`;
