// Jest Snapshot v1, https://goo.gl/fbAQLP

exports[`edit button tests should click 1`] = `ReactWrapper {}`;
