// Jest Snapshot v1, https://goo.gl/fbAQLP

exports[`standard button tests should click 1`] = `ReactWrapper {}`;
